TAP version 13
# Subtest: refuses when no environment selection exists at all
ok 1 - refuses when no environment selection exists at all
  ---
  duration_ms: 31.759701
  ...
# Subtest: refuses when the expected database is absent
ok 2 - refuses when the expected database is absent
  ---
  duration_ms: 28.730858
  ...
# Subtest: refuses a non-testing environment
ok 3 - refuses a non-testing environment
  ---
  duration_ms: 32.50211
  ...
# Subtest: refuses a MySQL connection
ok 4 - refuses a MySQL connection
  ---
  duration_ms: 34.954257
  ...
# Subtest: refuses a DB_URL override
ok 5 - refuses a DB_URL override
  ---
  duration_ms: 28.535833
  ...
# Subtest: refuses the thinis_pos business database by name
ok 6 - refuses the thinis_pos business database by name
  ---
  duration_ms: 29.498751
  ...
# Subtest: refuses the thinis_pos_testing database by name
ok 7 - refuses the thinis_pos_testing database by name
  ---
  duration_ms: 31.379422
  ...
# Subtest: refuses a sandbox file whose stem is a business database name
ok 8 - refuses a sandbox file whose stem is a business database name
  ---
  duration_ms: 28.182022
  ...
# Subtest: refuses a DB_DATABASE that differs from the approved file
ok 9 - refuses a DB_DATABASE that differs from the approved file
  ---
  duration_ms: 27.777209
  ...
# Subtest: refuses a database inside the backend repository
ok 10 - refuses a database inside the backend repository
  ---
  duration_ms: 28.686696
  ...
# Subtest: refuses a database under the real workstation profile
ok 11 - refuses a database under the real workstation profile
  ---
  duration_ms: 27.420919
  ...
# Subtest: refuses a symlinked sandbox database
ok 12 - refuses a symlinked sandbox database
  ---
  duration_ms: 28.036956
  ...
# Subtest: refuses when no isolated config cache is named
ok 13 - refuses when no isolated config cache is named
  ---
  duration_ms: 27.058051
  ...
# Subtest: refuses a config cache outside the sandbox
ok 14 - refuses a config cache outside the sandbox
  ---
  duration_ms: 29.524651
  ...
# Subtest: refuses when a cached configuration already exists
ok 15 - refuses when a cached configuration already exists
  ---
  duration_ms: 30.053874
  ...
# Subtest: refuses an artisan command outside the whitelist
ok 16 - refuses an artisan command outside the whitelist
  ---
  duration_ms: 28.671507
  ...
# Subtest: refuses db:seed without a seeder class
ok 17 - refuses db:seed without a seeder class
  ---
  duration_ms: 28.547579
  ...
# Subtest: the GUI fixture refuses a mismatched selection the same way
ok 18 - the GUI fixture refuses a mismatched selection the same way
  ---
  duration_ms: 30.84948
  ...
# Subtest: the GUI fixture grants only the three quick-create permissions to the seeded cashier or manager
ok 19 - the GUI fixture grants only the three quick-create permissions to the seeded cashier or manager
  ---
  duration_ms: 36.843791
  ...
# Subtest: the GUI fixture mixed-tax catalog precondition takes no argument
ok 20 - the GUI fixture mixed-tax catalog precondition takes no argument
  ---
  duration_ms: 33.173679
  ...
# Subtest: the GUI fixture named-product precondition needs a bounded count
ok 21 - the GUI fixture named-product precondition needs a bounded count
  ---
  duration_ms: 30.424487
  ...
# Subtest: the GUI fixture named-product precondition refuses a non-numeric count
ok 22 - the GUI fixture named-product precondition refuses a non-numeric count
  ---
  duration_ms: 30.167476
  ...
# Subtest: the GUI fixture plain-product precondition needs a bounded count
ok 23 - the GUI fixture plain-product precondition needs a bounded count
  ---
  duration_ms: 30.920228
  ...
# Subtest: the GUI fixture mixed-tax report is read-only and takes no argument
ok 24 - the GUI fixture mixed-tax report is read-only and takes no argument
  ---
  duration_ms: 31.675008
  ...
# Subtest: the GUI fixture quick-create report is read-only and takes no argument
ok 25 - the GUI fixture quick-create report is read-only and takes no argument
  ---
  duration_ms: 30.482223
  ...
# Subtest: the GUI fixture refuses a permission outside the opening-stock allowlist
ok 26 - the GUI fixture refuses a permission outside the opening-stock allowlist
  ---
  duration_ms: 32.741636
  ...
# Subtest: the GUI fixture refuses switching any feature other than inventory
ok 27 - the GUI fixture refuses switching any feature other than inventory
  ---
  duration_ms: 32.681584
  ...
# Subtest: the GUI fixture refuses a malformed independent opening-stock write
ok 28 - the GUI fixture refuses a malformed independent opening-stock write
  ---
  duration_ms: 35.269975
  ...
# Subtest: the HTTP router refuses a business database name with 503 before Laravel loads
ok 29 - the HTTP router refuses a business database name with 503 before Laravel loads
  ---
  duration_ms: 165.51845
  ...
# Subtest: the HTTP router refuses a mismatched database selection with 503
ok 30 - the HTTP router refuses a mismatched database selection with 503
  ---
  duration_ms: 112.502407
  ...
# Subtest: the HTTP router refuses when a configuration cache exists
ok 31 - the HTTP router refuses when a configuration cache exists
  ---
  duration_ms: 111.330458
  ...
# Subtest: the HTTP router never serves a .php path statically, even when refused
ok 32 - the HTTP router never serves a .php path statically, even when refused
  ---
  duration_ms: 107.507672
  ...
# Subtest: the GUI fixture refuses a malformed product-image step
ok 33 - the GUI fixture refuses a malformed product-image step
  ---
  duration_ms: 33.321963
  ...
# Subtest: the GUI fixture refuses a malformed brand step
ok 34 - the GUI fixture refuses a malformed brand step
  ---
  duration_ms: 30.987727
  ...
1..34
# tests 34
# suites 0
# pass 34
# fail 0
# cancelled 0
# skipped 0
# todo 0
# duration_ms 1482.338287
