[pw:qc4mixedtaxe2e] disposable backend ready {"origin":"http://127.0.0.1:43733","database":"/tmp/pos-pw-FpM8EM/qc4mixedtaxe2e/backend/sandbox.sqlite"}
[pw:qc4mixedtaxe2e] network proxy ready {"origin":"http://127.0.0.1:43511"}
[pw:qc4mixedtaxe2e] electron build ready {"outDir":"/var/www/html/thinis-pos/pos-desktop-pos-workspace/out/pw-test"}
dbus-daemon[259287]: [session uid=1000 pid=259287 pidfd=5] Activating service name='org.gtk.vfs.Daemon' requested by ':1.1' (uid=1000 pid=259441 comm="/var/www/html/thinis-pos/pos-desktop-pos-workspace" label="unconfined")
dbus-daemon[259287]: [session uid=1000 pid=259287 pidfd=5] Successfully activated service 'org.gtk.vfs.Daemon'
dbus-daemon[259287]: [session uid=1000 pid=259287 pidfd=5] Activating service name='org.a11y.Bus' requested by ':1.1' (uid=1000 pid=259441 comm="/var/www/html/thinis-pos/pos-desktop-pos-workspace" label="unconfined")
dbus-daemon[259287]: [session uid=1000 pid=259287 pidfd=5] Successfully activated service 'org.a11y.Bus'
dbus-daemon[259287]: [session uid=1000 pid=259287 pidfd=5] Activating service name='org.freedesktop.portal.Desktop' requested by ':1.4' (uid=1000 pid=259441 comm="/var/www/html/thinis-pos/pos-desktop-pos-workspace" label="unconfined")
dbus-daemon[259287]: [session uid=1000 pid=259287 pidfd=5] Activating service name='org.freedesktop.impl.portal.PermissionStore' requested by ':1.9' (uid=1000 pid=259541 comm="/usr/libexec/xdg-desktop-portal" label="unconfined")
dbus-daemon[259287]: [session uid=1000 pid=259287 pidfd=5] Successfully activated service 'org.freedesktop.impl.portal.PermissionStore'
dbus-daemon[259287]: [session uid=1000 pid=259287 pidfd=5] Activating service name='org.freedesktop.portal.Documents' requested by ':1.9' (uid=1000 pid=259541 comm="/usr/libexec/xdg-desktop-portal" label="unconfined")
dbus-daemon[259287]: [session uid=1000 pid=259287 pidfd=5] Successfully activated service 'org.freedesktop.portal.Documents'

(/usr/libexec/xdg-desktop-portal:259541): xdg-desktop-portal-WARNING **: 18:38:56.762: Choosing gtk.portal for org.freedesktop.impl.portal.Lockdown as a last-resort fallback
dbus-daemon[259287]: [session uid=1000 pid=259287 pidfd=5] Activating service name='org.freedesktop.impl.portal.desktop.gtk' requested by ':1.9' (uid=1000 pid=259541 comm="/usr/libexec/xdg-desktop-portal" label="unconfined")
dbus-daemon[259580]: Activating service name='org.a11y.atspi.Registry' requested by ':1.0' (uid=1000 pid=259573 comm="/usr/libexec/xdg-desktop-portal-gtk" label="unconfined")
dbus-daemon[259580]: Successfully activated service 'org.a11y.atspi.Registry'
SpiRegistry daemon is running with well-known name - org.a11y.atspi.Registry
dbus-daemon[259287]: [session uid=1000 pid=259287 pidfd=5] Successfully activated service 'org.freedesktop.impl.portal.desktop.gtk'

(/usr/libexec/xdg-desktop-portal:259541): xdg-desktop-portal-WARNING **: 18:38:56.810: Choosing gtk.portal for org.freedesktop.impl.portal.Access as a last-resort fallback

(/usr/libexec/xdg-desktop-portal:259541): xdg-desktop-portal-WARNING **: 18:38:56.827: Choosing gtk.portal for org.freedesktop.impl.portal.Settings as a last-resort fallback

(/usr/libexec/xdg-desktop-portal:259541): xdg-desktop-portal-WARNING **: 18:38:56.828: Choosing gtk.portal for org.freedesktop.impl.portal.FileChooser as a last-resort fallback

(/usr/libexec/xdg-desktop-portal:259541): xdg-desktop-portal-WARNING **: 18:38:56.828: Choosing gtk.portal for org.freedesktop.impl.portal.AppChooser as a last-resort fallback

(/usr/libexec/xdg-desktop-portal:259541): xdg-desktop-portal-WARNING **: 18:38:56.829: Choosing gtk.portal for org.freedesktop.impl.portal.Print as a last-resort fallback

(/usr/libexec/xdg-desktop-portal:259541): xdg-desktop-portal-WARNING **: 18:38:56.830: Choosing gtk.portal for org.freedesktop.impl.portal.Notification as a last-resort fallback

(/usr/libexec/xdg-desktop-portal:259541): xdg-desktop-portal-WARNING **: 18:38:56.833: Choosing gtk.portal for org.freedesktop.impl.portal.Inhibit as a last-resort fallback

(/usr/libexec/xdg-desktop-portal:259541): xdg-desktop-portal-WARNING **: 18:38:56.838: Failed to connect to PipeWire: Couldn't connect to PipeWire

(/usr/libexec/xdg-desktop-portal:259541): xdg-desktop-portal-WARNING **: 18:38:56.838: Choosing gtk.portal for org.freedesktop.impl.portal.Account as a last-resort fallback

(/usr/libexec/xdg-desktop-portal:259541): xdg-desktop-portal-WARNING **: 18:38:56.839: Choosing gtk.portal for org.freedesktop.impl.portal.Email as a last-resort fallback

(/usr/libexec/xdg-desktop-portal:259541): xdg-desktop-portal-WARNING **: 18:38:56.840: Choosing gtk.portal for org.freedesktop.impl.portal.DynamicLauncher as a last-resort fallback
dbus-daemon[259287]: [session uid=1000 pid=259287 pidfd=5] Successfully activated service 'org.freedesktop.portal.Desktop'
[pw:qc4mixedtaxe2e] electron launched with isolated profile {"userData":"/tmp/pos-pw-FpM8EM/qc4mixedtaxe2e/profile/Electron"}
[pw:qc4mixedtaxe2e] activation completed
[pw:qc4mixedtaxe2e] sign-in submitted {"user":"cashier@desktop-mvp.test"}
[pw:qc4mixedtaxe2e] policy set to physical presence {"policy_revision":null}
[pw:qc4mixedtaxe2e] workstation data refreshed {"outcome":"installed"}
[pw:qc4mixedtaxe2e] shift opened
[pw:qc4mixedtaxe2e] precondition: mixed-tax products (fixture) {"products":{"MIX-INC":{"uuid":"7ff6c569-53b6-437a-bb44-67a2d4092ce4","barcode":"7780000000011","tax_mode":"inclusive","tax_category":"standard"},"MIX-ZERO":{"uuid":"7aa22501-c790-46f9-b8b8-fdead265c4bc","barcode":"7780000000028","tax_mode":"exclusive","tax_category":"zero_rated"},"MIX-EXEMPT":{"uuid":"7a8b9316-63ad-4d89-b360-45f39a457bb0","barcode":"7780000000035","tax_mode":"inclusive","tax_category":"exempt"}},"precondition":true}
[pw:qc4mixedtaxe2e] precondition: ZATCA phase 1 identity (fixture) {"regime":"sa_zatca_phase1","revision":1}
[pw:qc4mixedtaxe2e] workstation data refreshed {"outcome":"installed"}
[pw:qc4mixedtaxe2e] L: installed contract with the issuance gate off {"mixed_tax_mode_policy":"single_invoice_mode"}
[pw:qc4mixedtaxe2e] scanned {"code":"7780000000011"}
[pw:qc4mixedtaxe2e] L: second tax mode refused {"shown":true,"cart":{"lines":[{"name":"Qc4 Inclusive","mode":"inclusive","rate":1500,"quantity":"1.000"}],"discount":[null,0],"tax":150,"grand":1150,"error":"This register's catalog does not allow different tax modes in one sale. Refresh workstation data; if this stays, the server has not enabled mixed-tax sales.","held":0}}
[pw:qc4mixedtaxe2e] disposable backend restarted {"POS_MIXED_TAX_ISSUE_PER_LINE":"true"}
[pw:qc4mixedtaxe2e] workstation data refreshed {"outcome":"installed"}
[pw:qc4mixedtaxe2e] L: contract after the gate is on {"policy":"per_line","categories":[{"sku":"COLA-CAN","tax_mode":"exclusive","rate":1500,"tax_category":null},{"sku":"MIX-EXEMPT","tax_mode":"inclusive","rate":0,"tax_category":"exempt"},{"sku":"MIX-INC","tax_mode":"inclusive","rate":1500,"tax_category":"standard"},{"sku":"MIX-ZERO","tax_mode":"exclusive","rate":0,"tax_category":"zero_rated"},{"sku":"WATER-500","tax_mode":"none","rate":0,"tax_category":null}]}
[pw:qc4mixedtaxe2e] clicked product card {"product":"Water Bottle"}
[pw:qc4mixedtaxe2e] clicked product card {"product":"Cola Can"}
[pw:qc4mixedtaxe2e] clicked product card {"product":"Qc4 Inclusive"}
[pw:qc4mixedtaxe2e] clicked product card {"product":"Qc4 Zero-rated"}
[pw:qc4mixedtaxe2e] clicked product card {"product":"Qc4 Exempt"}
[pw:qc4mixedtaxe2e] A: card order cart {"lines":[{"name":"Water Bottle","mode":"none","rate":0,"quantity":"1.000"},{"name":"Cola Can","mode":"exclusive","rate":1500,"quantity":"1.000"},{"name":"Qc4 Inclusive","mode":"inclusive","rate":1500,"quantity":"1.000"},{"name":"Qc4 Zero-rated","mode":"exclusive","rate":0,"quantity":"1.000"},{"name":"Qc4 Exempt","mode":"inclusive","rate":0,"quantity":"1.000"}],"discount":[null,0],"tax":375,"grand":4325,"error":null,"held":0}
[pw:qc4mixedtaxe2e] invoice discount applied {"percent":10}
[pw:qc4mixedtaxe2e] A: after +1 Cola, removed Exempt, 10% discount {"lines":[{"name":"Water Bottle","mode":"none","rate":0,"quantity":"1.000"},{"name":"Cola Can","mode":"exclusive","rate":1500,"quantity":"2.000"},{"name":"Qc4 Inclusive","mode":"inclusive","rate":1500,"quantity":"1.000"},{"name":"Qc4 Zero-rated","mode":"exclusive","rate":0,"quantity":"1.000"}],"discount":["percentage",1000],"tax":540,"grand":4815,"error":null,"held":0}
[pw:qc4mixedtaxe2e] scanned {"code":"7780000000035"}
[pw:qc4mixedtaxe2e] scanned {"code":"7780000000028"}
[pw:qc4mixedtaxe2e] scanned {"code":"7780000000011"}
[pw:qc4mixedtaxe2e] scanned {"code":"6221000000011"}
[pw:qc4mixedtaxe2e] scanned {"code":"6221000000028"}
[pw:qc4mixedtaxe2e] B: reverse barcode cart {"lines":[{"name":"Qc4 Exempt","mode":"inclusive","rate":0,"quantity":"1.000"},{"name":"Qc4 Zero-rated","mode":"exclusive","rate":0,"quantity":"1.000"},{"name":"Qc4 Inclusive","mode":"inclusive","rate":1500,"quantity":"1.000"},{"name":"Cola Can","mode":"exclusive","rate":1500,"quantity":"1.000"},{"name":"Water Bottle","mode":"none","rate":0,"quantity":"1.000"}],"discount":[null,0],"tax":375,"grand":4325,"error":null,"held":1}
[pw:qc4mixedtaxe2e] B: after +1 Zero, removed Water {"lines":[{"name":"Qc4 Exempt","mode":"inclusive","rate":0,"quantity":"1.000"},{"name":"Qc4 Zero-rated","mode":"exclusive","rate":0,"quantity":"2.000"},{"name":"Qc4 Inclusive","mode":"inclusive","rate":1500,"quantity":"1.000"},{"name":"Cola Can","mode":"exclusive","rate":1500,"quantity":"1.000"}],"discount":[null,0],"tax":375,"grand":4075,"error":null,"held":1}
[pw:qc4mixedtaxe2e] exact-cash sale committed
[pw:qc4mixedtaxe2e] B: sale 1 accepted {"local":{"local_uuid":"66184ada-8f9c-4846-8184-19543c8d5305","tax_mode":"mixed","subtotal_amount":3850,"discount_total_amount":0,"tax_total_amount":375,"grand_total_amount":4075,"sold_while_offline":0},"items":[{"product_uuid":"7a8b9316-63ad-4d89-b360-45f39a457bb0","product_name":"Qc4 Exempt","tax_mode":"inclusive","tax_category":"exempt","tax_rate_basis_points":0,"quantity_milli":1000,"subtotal_amount":700,"discount_amount":0,"tax_amount":0,"total_amount":700},{"product_uuid":"7aa22501-c790-46f9-b8b8-fdead265c4bc","product_name":"Qc4 Zero-rated","tax_mode":"exclusive","tax_category":"zero_rated","tax_rate_basis_points":0,"quantity_milli":2000,"subtotal_amount":500,"discount_amount":0,"tax_amount":0,"total_amount":500},{"product_uuid":"7ff6c569-53b6-437a-bb44-67a2d4092ce4","product_name":"Qc4 Inclusive","tax_mode":"inclusive","tax_category":"standard","tax_rate_basis_points":1500,"quantity_milli":1000,"subtotal_amount":1150,"discount_amount":0,"tax_amount":150,"total_amount":1150},{"product_uuid":"1fcc44d7-ee2d-4463-b268-e4134b7a2940","product_name":"Cola Can","tax_mode":"exclusive","tax_category":null,"tax_rate_basis_points":1500,"quantity_milli":1000,"subtotal_amount":1500,"discount_amount":0,"tax_amount":225,"total_amount":1725}],"server":{"idempotency_key":"66184ada-8f9c-4846-8184-19543c8d5305","tax_mode":"mixed","contract_version":5,"offline_sale_authority":true,"subtotal":3850,"discount":0,"tax":375,"grand":4075,"sync_records":1,"stock_movements":1,"accounting_journals":1,"items":[{"product_uuid":"7a8b9316-63ad-4d89-b360-45f39a457bb0","tax_mode":"inclusive","tax_category":"exempt","tax_amount":0,"total_amount":700,"discount_amount":0,"subtotal_amount":700},{"product_uuid":"7aa22501-c790-46f9-b8b8-fdead265c4bc","tax_mode":"exclusive","tax_category":"zero_rated","tax_amount":0,"total_amount":500,"discount_amount":0,"subtotal_amount":500},{"product_uuid":"7ff6c569-53b6-437a-bb44-67a2d4092ce4","tax_mode":"inclusive","tax_category":"standard","tax_amount":150,"total_amount":1150,"discount_amount":0,"subtotal_amount":1150},{"product_uuid":"1fcc44d7-ee2d-4463-b268-e4134b7a2940","tax_mode":"exclusive","tax_category":null,"tax_amount":225,"total_amount":1725,"discount_amount":0,"subtotal_amount":1500}],"refunds":[]}}
[pw:qc4mixedtaxe2e] C: recalled cart {"lines":[{"name":"Water Bottle","mode":"none","rate":0,"quantity":"1.000"},{"name":"Cola Can","mode":"exclusive","rate":1500,"quantity":"2.000"},{"name":"Qc4 Inclusive","mode":"inclusive","rate":1500,"quantity":"1.000"},{"name":"Qc4 Zero-rated","mode":"exclusive","rate":0,"quantity":"1.000"}],"discount":["percentage",1000],"tax":540,"grand":4815,"error":null,"held":0}
[pw:qc4mixedtaxe2e] exact-cash sale committed
[pw:qc4mixedtaxe2e] C: sale 2 accepted {"local":{"local_uuid":"3da242dc-309e-4522-a366-c130eee7089d","tax_mode":"mixed","subtotal_amount":4900,"discount_total_amount":490,"tax_total_amount":540,"grand_total_amount":4815,"sold_while_offline":0},"items":[{"product_uuid":"6c57479e-8962-4c9b-a85b-7c70d6cbdb3a","product_name":"Water Bottle","tax_mode":"none","tax_category":null,"tax_rate_basis_points":0,"quantity_milli":1000,"subtotal_amount":500,"discount_amount":50,"tax_amount":0,"total_amount":450},{"product_uuid":"1fcc44d7-ee2d-4463-b268-e4134b7a2940","product_name":"Cola Can","tax_mode":"exclusive","tax_category":null,"tax_rate_basis_points":1500,"quantity_milli":2000,"subtotal_amount":3000,"discount_amount":300,"tax_amount":405,"total_amount":3105},{"product_uuid":"7ff6c569-53b6-437a-bb44-67a2d4092ce4","product_name":"Qc4 Inclusive","tax_mode":"inclusive","tax_category":"standard","tax_rate_basis_points":1500,"quantity_milli":1000,"subtotal_amount":1150,"discount_amount":115,"tax_amount":135,"total_amount":1035},{"product_uuid":"7aa22501-c790-46f9-b8b8-fdead265c4bc","product_name":"Qc4 Zero-rated","tax_mode":"exclusive","tax_category":"zero_rated","tax_rate_basis_points":0,"quantity_milli":1000,"subtotal_amount":250,"discount_amount":25,"tax_amount":0,"total_amount":225}],"server":{"idempotency_key":"3da242dc-309e-4522-a366-c130eee7089d","tax_mode":"mixed","contract_version":5,"offline_sale_authority":true,"subtotal":4900,"discount":490,"tax":540,"grand":4815,"sync_records":1,"stock_movements":2,"accounting_journals":1,"items":[{"product_uuid":"6c57479e-8962-4c9b-a85b-7c70d6cbdb3a","tax_mode":"none","tax_category":null,"tax_amount":0,"total_amount":450,"discount_amount":50,"subtotal_amount":500},{"product_uuid":"1fcc44d7-ee2d-4463-b268-e4134b7a2940","tax_mode":"exclusive","tax_category":null,"tax_amount":405,"total_amount":3105,"discount_amount":300,"subtotal_amount":3000},{"product_uuid":"7ff6c569-53b6-437a-bb44-67a2d4092ce4","tax_mode":"inclusive","tax_category":"standard","tax_amount":135,"total_amount":1035,"discount_amount":115,"subtotal_amount":1150},{"product_uuid":"7aa22501-c790-46f9-b8b8-fdead265c4bc","tax_mode":"exclusive","tax_category":"zero_rated","tax_amount":0,"total_amount":225,"discount_amount":25,"subtotal_amount":250}],"refunds":[]}}
[pw:qc4mixedtaxe2e] scanned {"code":"7780000000011"}
[pw:qc4mixedtaxe2e] scanned {"code":"6221000000028"}
[pw:qc4mixedtaxe2e] scanned {"code":"7780000000028"}
[pw:qc4mixedtaxe2e] scanned {"code":"6221000000011"}
[pw:qc4mixedtaxe2e] exact-cash sale committed
[pw:qc4mixedtaxe2e] D: offline sale 3 {"invoice":{"local_uuid":"3e154cd7-67bd-4519-81de-f26b560eca69","tax_mode":"mixed","subtotal_amount":3400,"discount_total_amount":0,"tax_total_amount":375,"grand_total_amount":3625,"sold_while_offline":1},"queue":{"payload_hash":"0f94a4e831a8706a6c4904d42ffb61ae7c0eda9ba7f809a1e75d3a2582c96ad1","idempotency_key":"3e154cd7-67bd-4519-81de-f26b560eca69","state":"pending","attempt_count":0,"last_error_code":null}}
[pw:qc4mixedtaxe2e] electron launched again on the same isolated profile
[pw:qc4mixedtaxe2e] D: after an offline restart {"queue":{"payload_hash":"0f94a4e831a8706a6c4904d42ffb61ae7c0eda9ba7f809a1e75d3a2582c96ad1","idempotency_key":"3e154cd7-67bd-4519-81de-f26b560eca69","state":"pending","attempt_count":0,"last_error_code":null}}
[pw:qc4mixedtaxe2e] disposable backend restarted {"POS_MIXED_TAX_PARSE_V4_V5":"false"}
[pw:qc4mixedtaxe2e] E: legacy server refused the v5 upload {"payload_hash":"0f94a4e831a8706a6c4904d42ffb61ae7c0eda9ba7f809a1e75d3a2582c96ad1","idempotency_key":"3e154cd7-67bd-4519-81de-f26b560eca69","state":"retryable_error","attempt_count":1,"last_error_code":"DESKTOP_CONTRACT_VERSION_UNSUPPORTED"}
[pw:qc4mixedtaxe2e] disposable backend restarted {"POS_MIXED_TAX_PARSE_V4_V5":"true"}
[pw:qc4mixedtaxe2e] F: held upload delivered after the register saw a dropped connection {"status":200}
[pw:qc4mixedtaxe2e] F: sale 3 after the replay {"uploadRequestsSinceRestore":2,"queue":{"payload_hash":"0f94a4e831a8706a6c4904d42ffb61ae7c0eda9ba7f809a1e75d3a2582c96ad1","idempotency_key":"3e154cd7-67bd-4519-81de-f26b560eca69","state":"synced","attempt_count":3,"last_error_code":null},"server":{"idempotency_key":"3e154cd7-67bd-4519-81de-f26b560eca69","tax_mode":"mixed","contract_version":5,"offline_sale_authority":true,"subtotal":3400,"discount":0,"tax":375,"grand":3625,"sync_records":1,"stock_movements":2,"accounting_journals":1,"items":[{"product_uuid":"7ff6c569-53b6-437a-bb44-67a2d4092ce4","tax_mode":"inclusive","tax_category":"standard","tax_amount":150,"total_amount":1150,"discount_amount":0,"subtotal_amount":1150},{"product_uuid":"6c57479e-8962-4c9b-a85b-7c70d6cbdb3a","tax_mode":"none","tax_category":null,"tax_amount":0,"total_amount":500,"discount_amount":0,"subtotal_amount":500},{"product_uuid":"7aa22501-c790-46f9-b8b8-fdead265c4bc","tax_mode":"exclusive","tax_category":"zero_rated","tax_amount":0,"total_amount":250,"discount_amount":0,"subtotal_amount":250},{"product_uuid":"1fcc44d7-ee2d-4463-b268-e4134b7a2940","tax_mode":"exclusive","tax_category":null,"tax_amount":225,"total_amount":1725,"discount_amount":0,"subtotal_amount":1500}],"refunds":[]},"serverInvoiceCount":3,"contracts":["single_invoice_mode","single_invoice_mode","single_invoice_mode","per_line"]}
[pw:qc4mixedtaxe2e] G sale 1: receipt {"pdf":"job-1791301167716-1.pdf","qrTotals":{"total":"40.75","vat":"3.75"},"invoiceTotals":{"grand":"40.75","tax":"3.75"},"breakdownCategories":["Standard","Zero-rated","Exempt"],"serverSnapshotMatches":true,"serverRecomputedMatches":true}
[pw:qc4mixedtaxe2e] G sale 2: receipt {"pdf":"job-1791301170236-2.pdf","qrTotals":{"total":"48.15","vat":"5.40"},"invoiceTotals":{"grand":"48.15","tax":"5.40"},"breakdownCategories":["Standard","Zero-rated"],"serverSnapshotMatches":true,"serverRecomputedMatches":true}
[pw:qc4mixedtaxe2e] G sale 3: receipt {"pdf":"job-1791301172847-3.pdf","qrTotals":{"total":"36.25","vat":"3.75"},"invoiceTotals":{"grand":"36.25","tax":"3.75"},"breakdownCategories":["Standard","Zero-rated"],"serverSnapshotMatches":true,"serverRecomputedMatches":true}
[pw:qc4mixedtaxe2e] G: virtual printer output {"dir":"/tmp/pos-pw-FpM8EM/qc4mixedtaxe2e/profile/virtual-printer"}
A connection to the bus can't be made
[pw] run directory: /tmp/pos-pw-FpM8EM
